package main

import "fmt"

func foo() error {
	return nil //<<<<<adderror,5,1,5,1,pass
}

func main() {
	foo()
	fmt.Println("Done")
}
