package main

import "fmt"

func foo() (int, error) { //<<<<<adderror,5,1,5,1,pass
	return 5, nil
}

func main() {
	foo()
	fmt.Println("Done")
}
