package main

import "fmt"

func foo() (int, string, error) { //<<<<<adderror,5,1,5,1,pass
	return 5, "foo", nil
}

func main() {
	foo()
	fmt.Println("Done")
}
